\BOOKMARK [1][-]{section.1}{\376\377\225\356\230\230\221\315\217\360}{}% 1
\BOOKMARK [2][-]{subsection.1.1}{\376\377\225\356\230\230\200\314\146\157}{section.1}% 2
\BOOKMARK [2][-]{subsection.1.2}{\376\377\225\356\230\230\147\141\116\366}{section.1}% 3
\BOOKMARK [3][-]{subsubsection.1.2.1}{\376\377\133\374\137\071\123\302\145\160}{subsection.1.2}% 4
\BOOKMARK [3][-]{subsubsection.1.2.2}{\376\377\166\356\150\007\123\302\145\160}{subsection.1.2}% 5
\BOOKMARK [3][-]{subsubsection.1.2.3}{\376\377\160\337\136\125\116\221\126\342\123\302\145\160}{subsection.1.2}% 6
\BOOKMARK [3][-]{subsubsection.1.2.4}{\376\377\145\340\116\272\147\072\123\302\145\160}{subsection.1.2}% 7
\BOOKMARK [2][-]{subsection.1.3}{\376\377\225\356\230\230\211\201\154\102}{section.1}% 8
\BOOKMARK [1][-]{section.2}{\376\377\225\356\230\230\122\006\147\220}{}% 9
\BOOKMARK [2][-]{subsection.2.1}{\376\377\145\164\117\123\140\035\215\357}{section.2}% 10
\BOOKMARK [2][-]{subsection.2.2}{\376\377\225\356\230\230\225\364\166\204\220\073\217\221\121\163\174\373}{section.2}% 11
\BOOKMARK [2][-]{subsection.2.3}{\376\377\121\163\225\056\225\356\230\230\122\006\211\343}{section.2}% 12
\BOOKMARK [3][-]{subsubsection.2.3.1}{\376\377\225\356\230\230\116\000\122\006\147\220}{subsection.2.3}% 13
\BOOKMARK [3][-]{subsubsection.2.3.2}{\376\377\225\356\230\230\116\214\122\006\147\220}{subsection.2.3}% 14
\BOOKMARK [3][-]{subsubsection.2.3.3}{\376\377\225\356\230\230\116\011\122\006\147\220}{subsection.2.3}% 15
\BOOKMARK [3][-]{subsubsection.2.3.4}{\376\377\225\356\230\230\126\333\122\006\147\220}{subsection.2.3}% 16
\BOOKMARK [3][-]{subsubsection.2.3.5}{\376\377\225\356\230\230\116\224\122\006\147\220}{subsection.2.3}% 17
\BOOKMARK [1][-]{section.3}{\376\377\152\041\127\213\120\107\213\276}{}% 18
\BOOKMARK [1][-]{section.4}{\376\377\173\046\123\367\213\364\146\016}{}% 19
\BOOKMARK [1][-]{section.5}{\376\377\225\356\230\230\116\000\152\041\127\213\166\204\136\372\172\313\124\214\154\102\211\343}{}% 20
\BOOKMARK [2][-]{subsection.5.1}{\376\377\152\041\127\213\121\306\131\007}{section.5}% 21
\BOOKMARK [3][-]{subsubsection.5.1.1}{\376\377\127\120\150\007\174\373\213\276\133\232}{subsection.5.1}% 22
\BOOKMARK [3][-]{subsubsection.5.1.2}{\376\377\167\037\166\356\150\007\117\115\177\156}{subsection.5.1}% 23
\BOOKMARK [2][-]{subsection.5.2}{\376\377\152\041\127\213\136\372\172\313}{section.5}% 24
\BOOKMARK [3][-]{subsubsection.5.2.1}{\376\377\133\374\137\071\217\320\122\250\152\041\127\213}{subsection.5.2}% 25
\BOOKMARK [3][-]{subsubsection.5.2.2}{\376\377\145\340\116\272\147\072\217\320\122\250\152\041\127\213}{subsection.5.2}% 26
\BOOKMARK [3][-]{subsubsection.5.2.3}{\376\377\160\337\136\125\137\071\217\320\122\250\152\041\127\213}{subsection.5.2}% 27
\BOOKMARK [3][-]{subsubsection.5.2.4}{\376\377\160\337\136\125\116\221\126\342\217\320\122\250\152\041\127\213}{subsection.5.2}% 28
\BOOKMARK [3][-]{subsubsection.5.2.5}{\376\377\220\156\205\075\122\044\133\232\152\041\127\213}{subsection.5.2}% 29
\BOOKMARK [2][-]{subsection.5.3}{\376\377\152\041\127\213\154\102\211\343}{section.5}% 30
\BOOKMARK [2][-]{subsection.5.4}{\376\377\154\102\211\343\176\323\147\234}{section.5}% 31
\BOOKMARK [3][-]{subsubsection.5.4.1}{\376\377\121\163\225\056\145\366\225\364\202\202\160\271}{subsection.5.4}% 32
\BOOKMARK [3][-]{subsubsection.5.4.2}{\376\377\176\323\147\234\122\006\147\220}{subsection.5.4}% 33
\BOOKMARK [1][-]{section.6}{\376\377\225\356\230\230\116\214\152\041\127\213\166\204\136\372\172\313\124\214\154\102\211\343}{}% 34
\BOOKMARK [2][-]{subsection.6.1}{\376\377\152\041\127\213\121\306\131\007}{section.6}% 35
\BOOKMARK [2][-]{subsection.6.2}{\376\377\152\041\127\213\136\372\172\313}{section.6}% 36
\BOOKMARK [3][-]{subsubsection.6.2.1}{\376\377\121\263\173\126\123\330\221\317}{subsection.6.2}% 37
\BOOKMARK [3][-]{subsubsection.6.2.2}{\376\377\166\356\150\007\121\375\145\160}{subsection.6.2}% 38
\BOOKMARK [3][-]{subsubsection.6.2.3}{\376\377\176\246\147\137\147\141\116\366}{subsection.6.2}% 39
\BOOKMARK [2][-]{subsection.6.3}{\376\377\152\041\127\213\122\006\147\220}{section.6}% 40
\BOOKMARK [3][-]{subsubsection.6.3.1}{\376\377\121\340\117\125\147\000\117\030\140\047\122\006\147\220}{subsection.6.3}% 41
\BOOKMARK [3][-]{subsubsection.6.3.2}{\376\377\121\317\134\021\117\030\123\026\123\330\221\317}{subsection.6.3}% 42
\BOOKMARK [2][-]{subsection.6.4}{\376\377\152\041\127\213\154\102\211\343}{section.6}% 43
\BOOKMARK [3][-]{subsubsection.6.4.1}{\376\377\173\227\154\325\213\276\213\241}{subsection.6.4}% 44
\BOOKMARK [3][-]{subsubsection.6.4.2}{\376\377\123\302\145\160\213\276\177\156}{subsection.6.4}% 45
\BOOKMARK [2][-]{subsection.6.5}{\376\377\154\102\211\343\176\323\147\234}{section.6}% 46
\BOOKMARK [3][-]{subsubsection.6.5.1}{\376\377\176\323\147\234\122\006\147\220}{subsection.6.5}% 47
\BOOKMARK [1][-]{section.7}{\376\377\225\356\230\230\116\011\152\041\127\213\166\204\136\372\172\313\124\214\154\102\211\343}{}% 48
\BOOKMARK [2][-]{subsection.7.1}{\376\377\152\041\127\213\121\306\131\007}{section.7}% 49
\BOOKMARK [2][-]{subsection.7.2}{\376\377\152\041\127\213\136\372\172\313}{section.7}% 50
\BOOKMARK [3][-]{subsubsection.7.2.1}{\376\377\121\263\173\126\123\330\221\317}{subsection.7.2}% 51
\BOOKMARK [3][-]{subsubsection.7.2.2}{\376\377\176\246\147\137\147\141\116\366}{subsection.7.2}% 52
\BOOKMARK [3][-]{subsubsection.7.2.3}{\376\377\166\356\150\007\121\375\145\160}{subsection.7.2}% 53
\BOOKMARK [2][-]{subsection.7.3}{\376\377\152\041\127\213\154\102\211\343}{section.7}% 54
\BOOKMARK [3][-]{subsubsection.7.3.1}{\376\377\145\366\136\217\117\030\123\026\173\126\165\145}{subsection.7.3}% 55
\BOOKMARK [2][-]{subsection.7.4}{\376\377\154\102\211\343\176\323\147\234}{section.7}% 56
\BOOKMARK [3][-]{subsubsection.7.4.1}{\376\377\176\323\147\234\122\006\147\220}{subsection.7.4}% 57
\BOOKMARK [1][-]{section.8}{\376\377\225\356\230\230\126\333\152\041\127\213\166\204\136\372\172\313\124\214\154\102\211\343}{}% 58
\BOOKMARK [2][-]{subsection.8.1}{\376\377\152\041\127\213\121\306\131\007}{section.8}% 59
\BOOKMARK [2][-]{subsection.8.2}{\376\377\152\041\127\213\136\372\172\313}{section.8}% 60
\BOOKMARK [3][-]{subsubsection.8.2.1}{\376\377\121\263\173\126\123\330\221\317}{subsection.8.2}% 61
\BOOKMARK [3][-]{subsubsection.8.2.2}{\376\377\166\356\150\007\121\375\145\160}{subsection.8.2}% 62
\BOOKMARK [2][-]{subsection.8.3}{\376\377\152\041\127\213\154\102\211\343}{section.8}% 63
\BOOKMARK [3][-]{subsubsection.8.3.1}{\376\377\122\006\136\003\137\017\123\117\124\014\117\030\123\026}{subsection.8.3}% 64
\BOOKMARK [2][-]{subsection.8.4}{\376\377\154\102\211\343\176\323\147\234}{section.8}% 65
\BOOKMARK [3][-]{subsubsection.8.4.1}{\376\377\176\323\147\234\122\006\147\220}{subsection.8.4}% 66
\BOOKMARK [1][-]{section.9}{\376\377\225\356\230\230\116\224\152\041\127\213\166\204\136\372\172\313\124\214\154\102\211\343}{}% 67
\BOOKMARK [2][-]{subsection.9.1}{\376\377\152\041\127\213\121\306\131\007}{section.9}% 68
\BOOKMARK [2][-]{subsection.9.2}{\376\377\152\041\127\213\136\372\172\313}{section.9}% 69
\BOOKMARK [3][-]{subsubsection.9.2.1}{\376\377\173\054\116\000\134\102\377\032\166\356\150\007\122\006\221\115}{subsection.9.2}% 70
\BOOKMARK [3][-]{subsubsection.9.2.2}{\376\377\173\054\116\214\134\102\377\032\137\071\221\317\122\006\221\115}{subsection.9.2}% 71
\BOOKMARK [3][-]{subsubsection.9.2.3}{\376\377\173\054\116\011\134\102\377\032\142\225\145\076\173\126\165\145\117\030\123\026}{subsection.9.2}% 72
\BOOKMARK [2][-]{subsection.9.3}{\376\377\152\041\127\213\154\102\211\343}{section.9}% 73
\BOOKMARK [3][-]{subsubsection.9.3.1}{\376\377\166\356\150\007\122\006\221\115\145\271\150\110}{subsection.9.3}% 74
\BOOKMARK [3][-]{subsubsection.9.3.2}{\376\377\142\225\145\076\173\126\165\145}{subsection.9.3}% 75
\BOOKMARK [2][-]{subsection.9.4}{\376\377\154\102\211\343\176\323\147\234}{section.9}% 76
\BOOKMARK [3][-]{subsubsection.9.4.1}{\376\377\176\323\147\234\122\006\147\220}{subsection.9.4}% 77
\BOOKMARK [1][-]{section.10}{\376\377\152\041\127\213\166\204\122\006\147\220\116\016\150\300\232\214}{}% 78
\BOOKMARK [2][-]{subsection.10.1}{\376\377\160\165\145\117\136\246\122\006\147\220}{section.10}% 79
\BOOKMARK [3][-]{subsubsection.10.1.1}{\376\377\230\336\210\114\220\037\136\246\166\204\137\161\124\315}{subsection.10.1}% 80
\BOOKMARK [3][-]{subsubsection.10.1.2}{\376\377\215\167\162\006\136\366\217\337\166\204\137\161\124\315}{subsection.10.1}% 81
\BOOKMARK [2][-]{subsection.10.2}{\376\377\152\041\127\213\232\214\213\301}{section.10}% 82
\BOOKMARK [1][-]{section.11}{\376\377\152\041\127\213\166\204\213\304\116\367\060\001\145\071\217\333}{}% 83
\BOOKMARK [2][-]{subsection.11.1}{\376\377\152\041\127\213\166\204\117\030\160\271}{section.11}% 84
\BOOKMARK [2][-]{subsection.11.2}{\376\377\152\041\127\213\166\204\177\072\160\271}{section.11}% 85
\BOOKMARK [2][-]{subsection.11.3}{\376\377\152\041\127\213\166\204\143\250\136\177\116\016\145\071\217\333}{section.11}% 86
