\BOOKMARK [1][-]{section.1}{\376\377\225\356\230\230\221\315\217\360\116\016\170\024\172\166\166\356\150\007}{}% 1
\BOOKMARK [2][-]{subsection.1.1}{\376\377\225\356\230\230\200\314\146\157}{section.1}% 2
\BOOKMARK [2][-]{subsection.1.2}{\376\377\147\054\153\041\145\071\217\333\116\373\122\241}{section.1}% 3
\BOOKMARK [1][-]{section.2}{\376\377\117\030\171\300\213\272\145\207\116\016\116\023\133\266\213\304\213\262\170\024\213\373}{}% 4
\BOOKMARK [2][-]{subsection.2.1}{\376\377\116\023\133\266\213\304\213\262\211\201\160\271}{section.2}% 5
\BOOKMARK [2][-]{subsection.2.2}{\376\377\117\030\171\300\213\272\145\207\145\271\154\325\133\371\153\324}{section.2}% 6
\BOOKMARK [2][-]{subsection.2.3}{\376\377\163\260\147\011\145\271\154\325\116\015\215\263}{section.2}% 7
\BOOKMARK [1][-]{section.3}{\376\377\145\071\217\333\152\041\127\213}{}% 8
\BOOKMARK [2][-]{subsection.3.1}{\376\377\127\372\147\054\120\107\213\276}{section.3}% 9
\BOOKMARK [2][-]{subsection.3.2}{\376\377\217\320\122\250\133\146\152\041\127\213}{section.3}% 10
\BOOKMARK [2][-]{subsection.3.3}{\376\377\127\006\147\361\221\307\150\067\220\156\205\075\122\044\133\232}{section.3}% 11
\BOOKMARK [2][-]{subsection.3.4}{\376\377\154\102\211\343\173\126\165\145}{section.3}% 12
\BOOKMARK [1][-]{section.4}{\376\377\131\015\163\260\133\236\232\214\213\276\177\156}{}% 13
\BOOKMARK [1][-]{section.5}{\376\377\176\323\147\234\116\016\122\006\147\220}{}% 14
\BOOKMARK [2][-]{subsection.5.1}{\376\377\225\356\230\230\116\000\377\032\123\237\176\323\147\234\120\117\135\356\131\015\150\070}{section.5}% 15
\BOOKMARK [2][-]{subsection.5.2}{\376\377\225\356\230\230\116\214\201\363\225\356\230\230\126\333\176\323\147\234}{section.5}% 16
\BOOKMARK [2][-]{subsection.5.3}{\376\377\225\356\230\230\116\224\176\323\147\234}{section.5}% 17
\BOOKMARK [2][-]{subsection.5.4}{\376\377\213\241\173\227\145\366\225\364\122\006\147\220}{section.5}% 18
\BOOKMARK [1][-]{section.6}{\376\377\152\041\127\213\213\304\116\367\116\016\145\071\217\333\145\271\124\021}{}% 19
\BOOKMARK [2][-]{subsection.6.1}{\376\377\117\030\160\271}{section.6}% 20
\BOOKMARK [2][-]{subsection.6.2}{\376\377\116\015\215\263}{section.6}% 21
\BOOKMARK [2][-]{subsection.6.3}{\376\377\217\333\116\000\153\145\145\071\217\333}{section.6}% 22
\BOOKMARK [1][-]{section.7}{\376\377\176\323\213\272}{}% 23
