\BOOKMARK [1][-]{section.1}{\376\377\133\236\232\214\121\205\133\271}{}% 1
\BOOKMARK [2][-]{subsection.1.1}{\376\377\000A\000L\000U\213\276\213\241\133\236\232\214}{section.1}% 2
\BOOKMARK [2][-]{subsection.1.2}{\376\377\155\101\154\064\176\277\133\236\232\214}{section.1}% 3
\BOOKMARK [1][-]{section.2}{\376\377\133\236\232\214\213\276\213\241}{}% 4
\BOOKMARK [2][-]{subsection.2.1}{\376\377\000A\000L\000U}{section.2}% 5
\BOOKMARK [3][-]{subsubsection.2.1.1}{\376\377\122\237\200\375\143\317\217\360}{subsection.2.1}% 6
\BOOKMARK [3][-]{subsubsection.2.1.2}{\376\377\143\245\123\343\133\232\116\111}{subsection.2.1}% 7
\BOOKMARK [3][-]{subsubsection.2.1.3}{\376\377\220\073\217\221\143\247\122\066}{subsection.2.1}% 8
\BOOKMARK [2][-]{subsection.2.2}{\376\377\0004\176\247\155\101\154\064\176\277\0003\0002\000b\000i\000t\121\150\122\240\126\150}{section.2}% 9
\BOOKMARK [3][-]{subsubsection.2.2.1}{\376\377\122\237\200\375\143\317\217\360}{subsection.2.2}% 10
\BOOKMARK [3][-]{subsubsection.2.2.2}{\376\377\143\245\123\343\133\232\116\111}{subsection.2.2}% 11
\BOOKMARK [3][-]{subsubsection.2.2.3}{\376\377\220\073\217\221\143\247\122\066}{subsection.2.2}% 12
\BOOKMARK [1][-]{section.3}{\376\377\133\236\232\214\217\307\172\013\213\260\137\125}{}% 13
\BOOKMARK [2][-]{subsection.3.1}{\376\377\000A\000L\000U\152\041\127\127\213\276\213\241\116\016\116\377\167\037}{section.3}% 14
\BOOKMARK [2][-]{subsection.3.2}{\376\377\155\101\154\064\176\277\121\150\122\240\126\150\213\276\213\241\116\016\116\377\167\037}{section.3}% 15
\BOOKMARK [2][-]{subsection.3.3}{\376\377\225\356\230\230\116\016\211\343\121\263\145\271\150\110}{section.3}% 16
\BOOKMARK [2][-]{subsection.3.4}{\376\377\225\356\230\230\0001\377\032\000S\000L\000T\217\320\173\227\166\204\173\046\123\367\117\115\131\004\164\006}{section.3}% 17
\BOOKMARK [2][-]{subsection.3.5}{\376\377\225\356\230\230\0002\377\032\155\101\154\064\176\277\146\202\120\134\145\366\145\160\143\156\117\335\143\001}{section.3}% 18
\BOOKMARK [2][-]{subsection.3.6}{\376\377\225\356\230\230\0003\377\032\000f\000l\000u\000s\000h\116\016\000s\000t\000a\000l\000l\166\204\117\030\121\110\176\247}{section.3}% 19
\BOOKMARK [2][-]{subsection.3.7}{\376\377\225\356\230\230\0004\377\032\155\101\154\064\176\277\124\004\176\247\220\350\122\006\124\214\166\204\133\371\237\120}{section.3}% 20
\BOOKMARK [1][-]{section.4}{\376\377\133\236\232\214\176\323\147\234\123\312\122\006\147\220}{}% 21
\BOOKMARK [2][-]{subsection.4.1}{\376\377\000A\000L\000U\232\214\213\301\133\236\232\214\176\323\147\234}{section.4}% 22
\BOOKMARK [2][-]{subsection.4.2}{\376\377\155\101\154\064\176\277\226\073\130\136\116\377\167\037\126\376}{section.4}% 23
\BOOKMARK [2][-]{subsection.4.3}{\376\377\155\101\154\064\176\277\122\067\145\260\116\377\167\037\126\376}{section.4}% 24
\BOOKMARK [1][-]{appendix.A}{\376\377\000A\000L\000U\116\343\170\001\000\040\000\050\000a\000l\000u\000.\000v\000\051}{}% 25
\BOOKMARK [1][-]{appendix.B}{\376\377\0004\176\247\155\101\154\064\176\277\0003\0002\000b\000i\000t\121\150\122\240\126\150\116\343\170\001\000\040\000\050\000l\000i\000u\000s\000h\000u\000i\000x\000i\000a\000n\000\137\0004\000j\000i\000.\000v\000\051}{}% 26
\BOOKMARK [1][-]{appendix.C}{\376\377\155\101\154\064\176\277\121\150\122\240\126\150\155\113\213\325\157\300\122\261\116\343\170\001\000\040\000\050\000l\000i\000u\000s\000h\000u\000i\000x\000i\000a\000n\000\137\0004\000j\000i\000\137\000s\000i\000m\0002\000.\000v\000\051}{}% 27
